// Jest Snapshot v1, https://goo.gl/fbAQLP

exports[`ModuleItem renders without error 1`] = `
{
  "asFragment": [Function],
  "baseElement": .c0 {
  border-bottom: 1px solid #eee;
  height: 35px;
  display: -webkit-box;
  display: -webkit-flex;
  display: -ms-flexbox;
  display: flex;
  -webkit-align-items: center;
  -webkit-box-align: center;
  -ms-flex-align: center;
  align-items: center;
  padding: 10px 0;
}

.c1 {
  -webkit-flex: 1;
  -ms-flex: 1;
  flex: 1;
}

.c2 {
  -webkit-flex: 70;
  -ms-flex: 70;
  flex: 70;
}

.c3 {
  -webkit-flex: 15;
  -ms-flex: 15;
  flex: 15;
}

.c4 {
  -webkit-flex: 15;
  -ms-flex: 15;
  flex: 15;
}

@media only screen and (max-width:680px) {
  .c3 {
    display: none;
  }
}

@media only screen and (max-width:680px) {
  .c4 {
    display: none;
  }
}

<body>
    <div>
      <div
        class="c0"
      >
        <span
          class="c1 c2"
        >
          grunt
        </span>
        <span
          class="c1 c3"
        />
        <span
          class="c1 c4"
        >
          12193
        </span>
      </div>
    </div>
  </body>,
  "container": .c0 {
  border-bottom: 1px solid #eee;
  height: 35px;
  display: -webkit-box;
  display: -webkit-flex;
  display: -ms-flexbox;
  display: flex;
  -webkit-align-items: center;
  -webkit-box-align: center;
  -ms-flex-align: center;
  align-items: center;
  padding: 10px 0;
}

.c1 {
  -webkit-flex: 1;
  -ms-flex: 1;
  flex: 1;
}

.c2 {
  -webkit-flex: 70;
  -ms-flex: 70;
  flex: 70;
}

.c3 {
  -webkit-flex: 15;
  -ms-flex: 15;
  flex: 15;
}

.c4 {
  -webkit-flex: 15;
  -ms-flex: 15;
  flex: 15;
}

@media only screen and (max-width:680px) {
  .c3 {
    display: none;
  }
}

@media only screen and (max-width:680px) {
  .c4 {
    display: none;
  }
}

<div>
    <div
      class="c0"
    >
      <span
        class="c1 c2"
      >
        grunt
      </span>
      <span
        class="c1 c3"
      />
      <span
        class="c1 c4"
      >
        12193
      </span>
    </div>
  </div>,
  "debug": [Function],
  "findAllByAltText": [Function],
  "findAllByDisplayValue": [Function],
  "findAllByLabelText": [Function],
  "findAllByPlaceholderText": [Function],
  "findAllByRole": [Function],
  "findAllByTestId": [Function],
  "findAllByText": [Function],
  "findAllByTitle": [Function],
  "findByAltText": [Function],
  "findByDisplayValue": [Function],
  "findByLabelText": [Function],
  "findByPlaceholderText": [Function],
  "findByRole": [Function],
  "findByTestId": [Function],
  "findByText": [Function],
  "findByTitle": [Function],
  "getAllByAltText": [Function],
  "getAllByDisplayValue": [Function],
  "getAllByLabelText": [Function],
  "getAllByPlaceholderText": [Function],
  "getAllByRole": [Function],
  "getAllByTestId": [Function],
  "getAllByText": [Function],
  "getAllByTitle": [Function],
  "getByAltText": [Function],
  "getByDisplayValue": [Function],
  "getByLabelText": [Function],
  "getByPlaceholderText": [Function],
  "getByRole": [Function],
  "getByTestId": [Function],
  "getByText": [Function],
  "getByTitle": [Function],
  "queryAllByAltText": [Function],
  "queryAllByDisplayValue": [Function],
  "queryAllByLabelText": [Function],
  "queryAllByPlaceholderText": [Function],
  "queryAllByRole": [Function],
  "queryAllByTestId": [Function],
  "queryAllByText": [Function],
  "queryAllByTitle": [Function],
  "queryByAltText": [Function],
  "queryByDisplayValue": [Function],
  "queryByLabelText": [Function],
  "queryByPlaceholderText": [Function],
  "queryByRole": [Function],
  "queryByTestId": [Function],
  "queryByText": [Function],
  "queryByTitle": [Function],
  "rerender": [Function],
  "unmount": [Function],
}
`;
