// Jest Snapshot v1, https://goo.gl/fbAQLP

exports[`Search renders without error 1`] = `
{
  "asFragment": [Function],
  "baseElement": .c0 {
  display: block;
}

.c1 {
  display: inline-block;
  padding-block: 1px;
  padding-inline: 2px;
  padding: 12px 10px;
  cursor: text;
  height: 45px;
  border: 0;
  border-radius: 1px;
  box-shadow: 0 0 1px #ccc;
  font-size: 18px;
  font-weight: 400;
  width: 100%;
  margin-bottom: 10px;
  outline-width: 0;
  color: inherit;
}

<body>
    <div>
      <div
        class="c0"
      >
        <input
          autocomplete="off"
          class="c1"
          maxlength="100"
          placeholder="Search..."
          type="search"
          value=""
        />
      </div>
    </div>
  </body>,
  "container": .c0 {
  display: block;
}

.c1 {
  display: inline-block;
  padding-block: 1px;
  padding-inline: 2px;
  padding: 12px 10px;
  cursor: text;
  height: 45px;
  border: 0;
  border-radius: 1px;
  box-shadow: 0 0 1px #ccc;
  font-size: 18px;
  font-weight: 400;
  width: 100%;
  margin-bottom: 10px;
  outline-width: 0;
  color: inherit;
}

<div>
    <div
      class="c0"
    >
      <input
        autocomplete="off"
        class="c1"
        maxlength="100"
        placeholder="Search..."
        type="search"
        value=""
      />
    </div>
  </div>,
  "debug": [Function],
  "findAllByAltText": [Function],
  "findAllByDisplayValue": [Function],
  "findAllByLabelText": [Function],
  "findAllByPlaceholderText": [Function],
  "findAllByRole": [Function],
  "findAllByTestId": [Function],
  "findAllByText": [Function],
  "findAllByTitle": [Function],
  "findByAltText": [Function],
  "findByDisplayValue": [Function],
  "findByLabelText": [Function],
  "findByPlaceholderText": [Function],
  "findByRole": [Function],
  "findByTestId": [Function],
  "findByText": [Function],
  "findByTitle": [Function],
  "getAllByAltText": [Function],
  "getAllByDisplayValue": [Function],
  "getAllByLabelText": [Function],
  "getAllByPlaceholderText": [Function],
  "getAllByRole": [Function],
  "getAllByTestId": [Function],
  "getAllByText": [Function],
  "getAllByTitle": [Function],
  "getByAltText": [Function],
  "getByDisplayValue": [Function],
  "getByLabelText": [Function],
  "getByPlaceholderText": [Function],
  "getByRole": [Function],
  "getByTestId": [Function],
  "getByText": [Function],
  "getByTitle": [Function],
  "queryAllByAltText": [Function],
  "queryAllByDisplayValue": [Function],
  "queryAllByLabelText": [Function],
  "queryAllByPlaceholderText": [Function],
  "queryAllByRole": [Function],
  "queryAllByTestId": [Function],
  "queryAllByText": [Function],
  "queryAllByTitle": [Function],
  "queryByAltText": [Function],
  "queryByDisplayValue": [Function],
  "queryByLabelText": [Function],
  "queryByPlaceholderText": [Function],
  "queryByRole": [Function],
  "queryByTestId": [Function],
  "queryByText": [Function],
  "queryByTitle": [Function],
  "rerender": [Function],
  "unmount": [Function],
}
`;
