// Jest Snapshot v1, https://goo.gl/fbAQLP

exports[`Sidebar renders without error 1`] = `
{
  "asFragment": [Function],
  "baseElement": .c1 {
  cursor: pointer;
  outline: 0;
  display: inline-block;
  font-weight: bold;
  line-height: 1.5;
  height: 45px;
  text-align: center;
  background-color: white;
  border: 1px solid #ccc;
  border-radius: 2px;
  padding: 6px 12px;
  font-size: 18px;
  color: #00acee;
}

.c1:hover:enabled {
  border-color: #ef5734;
}

.c1:disabled {
  color: lightgray;
  border-color: lightgray;
}

.c2 {
  width: 250px;
  margin: 0px auto 20px auto;
  display: none;
}

.c3 {
  width: 100%;
  display: none;
}

@media only screen and (max-width:680px) {
  .c2 {
    display: inline-block;
  }
}

@media only screen and (max-width:680px) {
  .c0 {
    text-align: center;
    width: 100%;
  }
}

@media only screen and (min-width:681px) {
  .c0 {
    width: 200px;
    -webkit-flex-shrink: 0;
    -ms-flex-negative: 0;
    flex-shrink: 0;
  }
}

@media only screen and (min-width:681px) {
  .c3 {
    display: block;
  }
}

<body>
    <div>
      <div
        class="c0"
      >
        <button
          class="c1 c2"
        >
          Menu
        </button>
        <div
          class="c3"
        >
          <ul>
            <li>
              <a
                href="#"
              >
                Home
              </a>
            </li>
            <li>
              <a
                href="#"
              >
                Creating Packages
              </a>
            </li>
            <li>
              <a
                href="#"
              >
                API
              </a>
            </li>
            <li>
              <a
                href="#"
              >
                Configuration
              </a>
            </li>
            <li>
              <a
                href="#"
              >
                Pluggable Resolvers
              </a>
            </li>
            <li>
              <a
                href="#"
              >
                Tools
              </a>
            </li>
            <li>
              <a
                href="#"
              >
                About
              </a>
            </li>
          </ul>
        </div>
      </div>
    </div>
  </body>,
  "container": .c1 {
  cursor: pointer;
  outline: 0;
  display: inline-block;
  font-weight: bold;
  line-height: 1.5;
  height: 45px;
  text-align: center;
  background-color: white;
  border: 1px solid #ccc;
  border-radius: 2px;
  padding: 6px 12px;
  font-size: 18px;
  color: #00acee;
}

.c1:hover:enabled {
  border-color: #ef5734;
}

.c1:disabled {
  color: lightgray;
  border-color: lightgray;
}

.c2 {
  width: 250px;
  margin: 0px auto 20px auto;
  display: none;
}

.c3 {
  width: 100%;
  display: none;
}

@media only screen and (max-width:680px) {
  .c2 {
    display: inline-block;
  }
}

@media only screen and (max-width:680px) {
  .c0 {
    text-align: center;
    width: 100%;
  }
}

@media only screen and (min-width:681px) {
  .c0 {
    width: 200px;
    -webkit-flex-shrink: 0;
    -ms-flex-negative: 0;
    flex-shrink: 0;
  }
}

@media only screen and (min-width:681px) {
  .c3 {
    display: block;
  }
}

<div>
    <div
      class="c0"
    >
      <button
        class="c1 c2"
      >
        Menu
      </button>
      <div
        class="c3"
      >
        <ul>
          <li>
            <a
              href="#"
            >
              Home
            </a>
          </li>
          <li>
            <a
              href="#"
            >
              Creating Packages
            </a>
          </li>
          <li>
            <a
              href="#"
            >
              API
            </a>
          </li>
          <li>
            <a
              href="#"
            >
              Configuration
            </a>
          </li>
          <li>
            <a
              href="#"
            >
              Pluggable Resolvers
            </a>
          </li>
          <li>
            <a
              href="#"
            >
              Tools
            </a>
          </li>
          <li>
            <a
              href="#"
            >
              About
            </a>
          </li>
        </ul>
      </div>
    </div>
  </div>,
  "debug": [Function],
  "findAllByAltText": [Function],
  "findAllByDisplayValue": [Function],
  "findAllByLabelText": [Function],
  "findAllByPlaceholderText": [Function],
  "findAllByRole": [Function],
  "findAllByTestId": [Function],
  "findAllByText": [Function],
  "findAllByTitle": [Function],
  "findByAltText": [Function],
  "findByDisplayValue": [Function],
  "findByLabelText": [Function],
  "findByPlaceholderText": [Function],
  "findByRole": [Function],
  "findByTestId": [Function],
  "findByText": [Function],
  "findByTitle": [Function],
  "getAllByAltText": [Function],
  "getAllByDisplayValue": [Function],
  "getAllByLabelText": [Function],
  "getAllByPlaceholderText": [Function],
  "getAllByRole": [Function],
  "getAllByTestId": [Function],
  "getAllByText": [Function],
  "getAllByTitle": [Function],
  "getByAltText": [Function],
  "getByDisplayValue": [Function],
  "getByLabelText": [Function],
  "getByPlaceholderText": [Function],
  "getByRole": [Function],
  "getByTestId": [Function],
  "getByText": [Function],
  "getByTitle": [Function],
  "queryAllByAltText": [Function],
  "queryAllByDisplayValue": [Function],
  "queryAllByLabelText": [Function],
  "queryAllByPlaceholderText": [Function],
  "queryAllByRole": [Function],
  "queryAllByTestId": [Function],
  "queryAllByText": [Function],
  "queryAllByTitle": [Function],
  "queryByAltText": [Function],
  "queryByDisplayValue": [Function],
  "queryByLabelText": [Function],
  "queryByPlaceholderText": [Function],
  "queryByRole": [Function],
  "queryByTestId": [Function],
  "queryByText": [Function],
  "queryByTitle": [Function],
  "rerender": [Function],
  "unmount": [Function],
}
`;
