// Jest Snapshot v1, https://goo.gl/fbAQLP

exports[`LoaderAnimation renders without error 1`] = `
{
  "asFragment": [Function],
  "baseElement": .c0 {
  height: 50px;
  width: 50px;
  margin: 5px auto;
}

.c1 {
  position: relative;
  top: 0;
  left: 0;
  height: 50px;
  width: 50px;
  border-radius: 100%;
  border: 3px solid transparent;
  border-color: transparent lightgrey transparent lightgrey;
  -webkit-animation: LtRVX 2s linear 0s infinite normal;
  animation: LtRVX 2s linear 0s infinite normal;
  -webkit-transform-origin: 50% 50%;
  -ms-transform-origin: 50% 50%;
  transform-origin: 50% 50%;
}

.c2 {
  position: relative;
  top: -52px;
  left: 5px;
  width: 43px;
  height: 43px;
  border-radius: 100%;
  border: 2px solid transparent;
  border-color: transparent lightgrey transparent lightgrey;
  -webkit-animation: cLNnjC 1s linear 0s infinite normal;
  animation: cLNnjC 1s linear 0s infinite normal;
  -webkit-transform-origin: 50% 50%;
  -ms-transform-origin: 50% 50%;
  transform-origin: 50% 50%;
}

.c3 {
  position: relative;
  top: -80px;
  left: -22px;
  width: 100px;
  -webkit-user-select: none;
  -moz-user-select: none;
  -ms-user-select: none;
  user-select: none;
  -webkit-animation: kRlIGi 3s linear 0s infinite normal;
  animation: kRlIGi 3s linear 0s infinite normal;
  color: lightgrey;
  font: bold 8px "Helvetica Neue", Helvetica, Arial, sans-serif;
  opacity: 0;
  text-align: center;
  text-transform: uppercase;
}

<body>
    <div>
      <div
        class="c0"
      >
        <div
          class="c1"
        />
        <div
          class="c2"
        />
        <div
          class="c3"
        >
          loading
        </div>
      </div>
    </div>
  </body>,
  "container": .c0 {
  height: 50px;
  width: 50px;
  margin: 5px auto;
}

.c1 {
  position: relative;
  top: 0;
  left: 0;
  height: 50px;
  width: 50px;
  border-radius: 100%;
  border: 3px solid transparent;
  border-color: transparent lightgrey transparent lightgrey;
  -webkit-animation: LtRVX 2s linear 0s infinite normal;
  animation: LtRVX 2s linear 0s infinite normal;
  -webkit-transform-origin: 50% 50%;
  -ms-transform-origin: 50% 50%;
  transform-origin: 50% 50%;
}

.c2 {
  position: relative;
  top: -52px;
  left: 5px;
  width: 43px;
  height: 43px;
  border-radius: 100%;
  border: 2px solid transparent;
  border-color: transparent lightgrey transparent lightgrey;
  -webkit-animation: cLNnjC 1s linear 0s infinite normal;
  animation: cLNnjC 1s linear 0s infinite normal;
  -webkit-transform-origin: 50% 50%;
  -ms-transform-origin: 50% 50%;
  transform-origin: 50% 50%;
}

.c3 {
  position: relative;
  top: -80px;
  left: -22px;
  width: 100px;
  -webkit-user-select: none;
  -moz-user-select: none;
  -ms-user-select: none;
  user-select: none;
  -webkit-animation: kRlIGi 3s linear 0s infinite normal;
  animation: kRlIGi 3s linear 0s infinite normal;
  color: lightgrey;
  font: bold 8px "Helvetica Neue", Helvetica, Arial, sans-serif;
  opacity: 0;
  text-align: center;
  text-transform: uppercase;
}

<div>
    <div
      class="c0"
    >
      <div
        class="c1"
      />
      <div
        class="c2"
      />
      <div
        class="c3"
      >
        loading
      </div>
    </div>
  </div>,
  "debug": [Function],
  "findAllByAltText": [Function],
  "findAllByDisplayValue": [Function],
  "findAllByLabelText": [Function],
  "findAllByPlaceholderText": [Function],
  "findAllByRole": [Function],
  "findAllByTestId": [Function],
  "findAllByText": [Function],
  "findAllByTitle": [Function],
  "findByAltText": [Function],
  "findByDisplayValue": [Function],
  "findByLabelText": [Function],
  "findByPlaceholderText": [Function],
  "findByRole": [Function],
  "findByTestId": [Function],
  "findByText": [Function],
  "findByTitle": [Function],
  "getAllByAltText": [Function],
  "getAllByDisplayValue": [Function],
  "getAllByLabelText": [Function],
  "getAllByPlaceholderText": [Function],
  "getAllByRole": [Function],
  "getAllByTestId": [Function],
  "getAllByText": [Function],
  "getAllByTitle": [Function],
  "getByAltText": [Function],
  "getByDisplayValue": [Function],
  "getByLabelText": [Function],
  "getByPlaceholderText": [Function],
  "getByRole": [Function],
  "getByTestId": [Function],
  "getByText": [Function],
  "getByTitle": [Function],
  "queryAllByAltText": [Function],
  "queryAllByDisplayValue": [Function],
  "queryAllByLabelText": [Function],
  "queryAllByPlaceholderText": [Function],
  "queryAllByRole": [Function],
  "queryAllByTestId": [Function],
  "queryAllByText": [Function],
  "queryAllByTitle": [Function],
  "queryByAltText": [Function],
  "queryByDisplayValue": [Function],
  "queryByLabelText": [Function],
  "queryByPlaceholderText": [Function],
  "queryByRole": [Function],
  "queryByTestId": [Function],
  "queryByText": [Function],
  "queryByTitle": [Function],
  "rerender": [Function],
  "unmount": [Function],
}
`;
